[krazydad.com/tablet/bridges/index.html]
[backblue.gif]
[fade.gif]
[index.html]
[krazydad.com/tablet/css/bootstrap.min.css]
[krazydad.com/tablet/css/bootstrap-toggle.min.css]
[krazydad.com/tablet/css/jquery.bootstrap-touchspin.min.css]
[krazydad.com/tablet/css/common.css]
[ajax.googleapis.com/ajax/libs/jquery/2.2.4/jquery.min.js]
[ajax.googleapis.com/ajax/libs/jqueryui/1.12.1/jquery-ui.min.js]
[krazydad.com/tablet/js/jquery.enhanced.cookie.js]
[www.google-analytics.com/analytics.js]
[krazydad.com/tablet/img/masks_logo.png]
[krazydad.com/tablet/img/ajax-loader.gif]
[krazydad.com/tablet/img/question_32.png]
[krazydad.com/tablet/img/left_32.png]
[krazydad.com/tablet/img/right_32.png]
[krazydad.com/tablet/img/book_32.png]
[krazydad.com/tablet/img/undo_32.png]
[krazydad.com/tablet/img/redo_32.png]
[krazydad.com/tablet/img/settings_32.png]
[krazydad.com/tablet/js/bootstrap.min.js]
[krazydad.com/tablet/js/bootstrap-toggle.min.js]
[krazydad.com/tablet/js/jquery.bootstrap-touchspin.min.js]
[krazydad.com/tablet/js/puzzOverrideDefaults.min.js]
[krazydad.com/tablet/js/kdbridgelib.js]
[krazydad.com/tablet/js/puzUtils.min.js]
[krazydad.com/tablet/js/plainUtils.min.js]
[krazydad.com/tablet/bridges/index.html]
[krazydad.com/tablet/css/bootstrap.min.css]
[krazydad.com/tablet/css/bootstrap-toggle.min.css]
[krazydad.com/tablet/css/jquery.bootstrap-touchspin.min.css]
[krazydad.com/tablet/css/common.css]
